// Jest Snapshot v1, https://goo.gl/fbAQLP

exports[`Shop tests matches snapshot 1`] = `
<DocumentFragment>
  <div>
    <div>
      <div
        class="summary"
      >
        <div
          data-testid="totalItems"
        >
           items in cart
        </div>
        <div
          data-testid="totalValue"
        >
          £56 total
        </div>
        <a
          href="/cart"
        >
          <button>
            View Cart
          </button>
        </a>
      </div>
    </div>
    <div
      class="cards"
    >
      <div
        class="item-card"
      >
        <img
          alt="record artwork"
          src="a-love-supreme.jpeg"
        />
        <div
          class="card-bottom"
        >
          <div>
            A Love Supreme
          </div>
          <div
            class="artist"
          >
            John Coltrane
          </div>
          <div>
            £15.99
          </div>
          <div
            class="card-qty"
          >
            <button>
              -
            </button>
            <div
              data-testid="quantity"
            >
              1
            </div>
            <button>
              +
            </button>
          </div>
          <button>
            Add to cart
          </button>
        </div>
      </div>
      <div
        class="item-card"
      >
        <img
          alt="record artwork"
          src="sound-of-silver.jpeg"
        />
        <div
          class="card-bottom"
        >
          <div>
            Sound of Silver
          </div>
          <div
            class="artist"
          >
            LCD Soundsystem
          </div>
          <div>
            £19.99
          </div>
          <div
            class="card-qty"
          >
            <button>
              -
            </button>
            <div
              data-testid="quantity"
            >
              1
            </div>
            <button>
              +
            </button>
          </div>
          <button>
            Add to cart
          </button>
        </div>
      </div>
      <div
        class="item-card"
      >
        <img
          alt="record artwork"
          src="illmatic.jpeg"
        />
        <div
          class="card-bottom"
        >
          <div>
            Illmatic
          </div>
          <div
            class="artist"
          >
            Nas
          </div>
          <div>
            £19.99
          </div>
          <div
            class="card-qty"
          >
            <button>
              -
            </button>
            <div
              data-testid="quantity"
            >
              1
            </div>
            <button>
              +
            </button>
          </div>
          <button>
            Add to cart
          </button>
        </div>
      </div>
      <div
        class="item-card"
      >
        <img
          alt="record artwork"
          src="alopecia.jpeg"
        />
        <div
          class="card-bottom"
        >
          <div>
            Alopecia
          </div>
          <div
            class="artist"
          >
            WHY?
          </div>
          <div>
            £16.99
          </div>
          <div
            class="card-qty"
          >
            <button>
              -
            </button>
            <div
              data-testid="quantity"
            >
              1
            </div>
            <button>
              +
            </button>
          </div>
          <button>
            Add to cart
          </button>
        </div>
      </div>
      <div
        class="item-card"
      >
        <img
          alt="record artwork"
          src="grace.jpeg"
        />
        <div
          class="card-bottom"
        >
          <div>
            Grace
          </div>
          <div
            class="artist"
          >
            Jeff Buckley
          </div>
          <div>
            £17.99
          </div>
          <div
            class="card-qty"
          >
            <button>
              -
            </button>
            <div
              data-testid="quantity"
            >
              1
            </div>
            <button>
              +
            </button>
          </div>
          <button>
            Add to cart
          </button>
        </div>
      </div>
      <div
        class="item-card"
      >
        <img
          alt="record artwork"
          src="woman.jpeg"
        />
        <div
          class="card-bottom"
        >
          <div>
            Woman
          </div>
          <div
            class="artist"
          >
            Rhye
          </div>
          <div>
            £21.99
          </div>
          <div
            class="card-qty"
          >
            <button>
              -
            </button>
            <div
              data-testid="quantity"
            >
              1
            </div>
            <button>
              +
            </button>
          </div>
          <button>
            Add to cart
          </button>
        </div>
      </div>
      <div
        class="item-card"
      >
        <img
          alt="record artwork"
          src="is-this-it.jpeg"
        />
        <div
          class="card-bottom"
        >
          <div>
            Is This It
          </div>
          <div
            class="artist"
          >
            The Strokes
          </div>
          <div>
            £19.99
          </div>
          <div
            class="card-qty"
          >
            <button>
              -
            </button>
            <div
              data-testid="quantity"
            >
              1
            </div>
            <button>
              +
            </button>
          </div>
          <button>
            Add to cart
          </button>
        </div>
      </div>
      <div
        class="item-card"
      >
        <img
          alt="record artwork"
          src="overgrown.jpeg"
        />
        <div
          class="card-bottom"
        >
          <div>
            Overgrown
          </div>
          <div
            class="artist"
          >
            James Blake
          </div>
          <div>
            £14.99
          </div>
          <div
            class="card-qty"
          >
            <button>
              -
            </button>
            <div
              data-testid="quantity"
            >
              1
            </div>
            <button>
              +
            </button>
          </div>
          <button>
            Add to cart
          </button>
        </div>
      </div>
      <div
        class="item-card"
      >
        <img
          alt="record artwork"
          src="amnesiac.jpeg"
        />
        <div
          class="card-bottom"
        >
          <div>
            Amnesiac
          </div>
          <div
            class="artist"
          >
            Radiohead
          </div>
          <div>
            £15.99
          </div>
          <div
            class="card-qty"
          >
            <button>
              -
            </button>
            <div
              data-testid="quantity"
            >
              1
            </div>
            <button>
              +
            </button>
          </div>
          <button>
            Add to cart
          </button>
        </div>
      </div>
      <div
        class="item-card"
      >
        <img
          alt="record artwork"
          src="doolittle.jpeg"
        />
        <div
          class="card-bottom"
        >
          <div>
            Doolittle
          </div>
          <div
            class="artist"
          >
            The Pixies
          </div>
          <div>
            £13.99
          </div>
          <div
            class="card-qty"
          >
            <button>
              -
            </button>
            <div
              data-testid="quantity"
            >
              1
            </div>
            <button>
              +
            </button>
          </div>
          <button>
            Add to cart
          </button>
        </div>
      </div>
      <div
        class="item-card"
      >
        <img
          alt="record artwork"
          src="dookie.jpeg"
        />
        <div
          class="card-bottom"
        >
          <div>
            Dookie
          </div>
          <div
            class="artist"
          >
            Green Day
          </div>
          <div>
            £16.99
          </div>
          <div
            class="card-qty"
          >
            <button>
              -
            </button>
            <div
              data-testid="quantity"
            >
              1
            </div>
            <button>
              +
            </button>
          </div>
          <button>
            Add to cart
          </button>
        </div>
      </div>
      <div
        class="item-card"
      >
        <img
          alt="record artwork"
          src="kind-of-blue.jpeg"
        />
        <div
          class="card-bottom"
        >
          <div>
            Kind of Blue
          </div>
          <div
            class="artist"
          >
            Miles Davis
          </div>
          <div>
            £12.99
          </div>
          <div
            class="card-qty"
          >
            <button>
              -
            </button>
            <div
              data-testid="quantity"
            >
              1
            </div>
            <button>
              +
            </button>
          </div>
          <button>
            Add to cart
          </button>
        </div>
      </div>
    </div>
  </div>
</DocumentFragment>
`;
